{
  "version": "1.5.0",
  "plugins_used": [
    {
      "name": "ArtifactoryDetector"
    },
    {
      "name": "AWSKeyDetector"
    },
    {
      "name": "AzureStorageKeyDetector"
    },
    {
      "name": "Base64HighEntropyString",
      "limit": 4.5
    },
    {
      "name": "BasicAuthDetector"
    },
    {
      "name": "CloudantDetector"
    },
    {
      "name": "DiscordBotTokenDetector"
    },
    {
      "name": "GitHubTokenDetector"
    },
    {
      "name": "GitLabTokenDetector"
    },
    {
      "name": "HexHighEntropyString",
      "limit": 3.0
    },
    {
      "name": "IbmCloudIamDetector"
    },
    {
      "name": "IbmCosHmacDetector"
    },
    {
      "name": "IPPublicDetector"
    },
    {
      "name": "JwtTokenDetector"
    },
    {
      "name": "KeywordDetector",
      "keyword_exclude": ""
    },
    {
      "name": "MailchimpDetector"
    },
    {
      "name": "NpmDetector"
    },
    {
      "name": "OpenAIDetector"
    },
    {
      "name": "PrivateKeyDetector"
    },
    {
      "name": "PypiTokenDetector"
    },
    {
      "name": "SendGridDetector"
    },
    {
      "name": "SlackDetector"
    },
    {
      "name": "SoftlayerDetector"
    },
    {
      "name": "SquareOAuthDetector"
    },
    {
      "name": "StripeDetector"
    },
    {
      "name": "TelegramBotTokenDetector"
    },
    {
      "name": "TwilioKeyDetector"
    }
  ],
  "filters_used": [
    {
      "path": "detect_secrets.filters.allowlist.is_line_allowlisted"
    },
    {
      "path": "detect_secrets.filters.common.is_ignored_due_to_verification_policies",
      "min_level": 2
    },
    {
      "path": "detect_secrets.filters.heuristic.is_indirect_reference"
    },
    {
      "path": "detect_secrets.filters.heuristic.is_likely_id_string"
    },
    {
      "path": "detect_secrets.filters.heuristic.is_lock_file"
    },
    {
      "path": "detect_secrets.filters.heuristic.is_not_alphanumeric_string"
    },
    {
      "path": "detect_secrets.filters.heuristic.is_potential_uuid"
    },
    {
      "path": "detect_secrets.filters.heuristic.is_prefixed_with_dollar_sign"
    },
    {
      "path": "detect_secrets.filters.heuristic.is_sequential_string"
    },
    {
      "path": "detect_secrets.filters.heuristic.is_swagger_file"
    },
    {
      "path": "detect_secrets.filters.heuristic.is_templated_secret"
    },
    {
      "path": "detect_secrets.filters.regex.should_exclude_file",
      "pattern": [
        "\\.enc\\.",
        "^\\.secrets\\.baseline$",
        "^\\.git/"
      ]
    }
  ],
  "results": {
    "cluster/helm/authelia/README.md": [
      {
        "type": "Secret Keyword",
        "filename": "cluster/helm/authelia/README.md",
        "hashed_secret": "685212b92dc7e5536ec22f9c7a8130d9bc20cf3c",
        "is_verified": false,
        "line_number": 23
      }
    ],
    "cluster/helm/authelia/values-public.yaml": [
      {
        "type": "Secret Keyword",
        "filename": "cluster/helm/authelia/values-public.yaml",
        "hashed_secret": "3fbbd0dc7dc5dab64fdb0a343c32e366efac46c6",
        "is_verified": false,
        "line_number": 29
      },
      {
        "type": "Secret Keyword",
        "filename": "cluster/helm/authelia/values-public.yaml",
        "hashed_secret": "a32b08d97b1615dc27f58b6b17f67624c04e2c4f",
        "is_verified": false,
        "line_number": 32
      },
      {
        "type": "Secret Keyword",
        "filename": "cluster/helm/authelia/values-public.yaml",
        "hashed_secret": "c5c442301f9f37a9a9952007c514eb7bacc404a6",
        "is_verified": false,
        "line_number": 69
      }
    ],
    "cluster/helm/booklore/values.yaml": [
      {
        "type": "Secret Keyword",
        "filename": "cluster/helm/booklore/values.yaml",
        "hashed_secret": "0f118644b9fc3f6e8652417ef0ea613654c97b5b",
        "is_verified": false,
        "line_number": 16
      }
    ],
    "cluster/helm/gitea/README.md": [
      {
        "type": "Secret Keyword",
        "filename": "cluster/helm/gitea/README.md",
        "hashed_secret": "03f1181f13ca9f6b2852f31c1186ffe79bce5bb8",
        "is_verified": false,
        "line_number": 234
      },
      {
        "type": "Secret Keyword",
        "filename": "cluster/helm/gitea/README.md",
        "hashed_secret": "7c211433f02071597741e6ff5a8ea34789abbf43",
        "is_verified": false,
        "line_number": 298
      }
    ],
    "cluster/helm/gitea/templates/gitea/init.yaml": [
      {
        "type": "Secret Keyword",
        "filename": "cluster/helm/gitea/templates/gitea/init.yaml",
        "hashed_secret": "0487b6d468083c1a42c6252e8d1d706480385d89",
        "is_verified": false,
        "line_number": 37
      }
    ],
    "cluster/helm/grafana/values.yaml": [
      {
        "type": "Secret Keyword",
        "filename": "cluster/helm/grafana/values.yaml",
        "hashed_secret": "77aa598e121c383a07874db3afb7bbdb465153be",
        "is_verified": false,
        "line_number": 97
      },
      {
        "type": "Secret Keyword",
        "filename": "cluster/helm/grafana/values.yaml",
        "hashed_secret": "e4f9dab9b25e403cf848b5f0da74fc41902bcf58",
        "is_verified": false,
        "line_number": 150
      }
    ],
    "cluster/helm/media-stack/templates/certificate.yaml": [
      {
        "type": "Secret Keyword",
        "filename": "cluster/helm/media-stack/templates/certificate.yaml",
        "hashed_secret": "fc460e7cb560d581cf0aaceb1909824cf22886d8",
        "is_verified": false,
        "line_number": 20
      }
    ],
    "cluster/helm/postgresql/values-public.yaml": [
      {
        "type": "Secret Keyword",
        "filename": "cluster/helm/postgresql/values-public.yaml",
        "hashed_secret": "2f1aa1e2a58704b452a5dd60ab1bd2b761bf296a",
        "is_verified": false,
        "line_number": 99
      }
    ],
    "cluster/helm/prometheus/certificate.yaml": [
      {
        "type": "Secret Keyword",
        "filename": "cluster/helm/prometheus/certificate.yaml",
        "hashed_secret": "79b1294772c71cafb2ad29039eec69103079e499",
        "is_verified": false,
        "line_number": 25
      }
    ],
    "cluster/helm/unused/calibre/templates/certificate.yaml": [
      {
        "type": "Secret Keyword",
        "filename": "cluster/helm/unused/calibre/templates/certificate.yaml",
        "hashed_secret": "38921c89fce9feaeaae7f13bc31f98e15e512009",
        "is_verified": false,
        "line_number": 20
      }
    ],
    "cluster/helm/unused/influxdb/values.yaml": [
      {
        "type": "Secret Keyword",
        "filename": "cluster/helm/unused/influxdb/values.yaml",
        "hashed_secret": "43447295ebeb8e9f5098588fe2731da9cbb76cab",
        "is_verified": false,
        "line_number": 93
      }
    ],
    "cluster/helm/unused/nextcloud/values.yaml": [
      {
        "type": "Secret Keyword",
        "filename": "cluster/helm/unused/nextcloud/values.yaml",
        "hashed_secret": "9e4d23a65083ff13f748153f837bdcd234ada88d",
        "is_verified": false,
        "line_number": 79
      },
      {
        "type": "Secret Keyword",
        "filename": "cluster/helm/unused/nextcloud/values.yaml",
        "hashed_secret": "5baa61e4c9b93f3f0682250b6cf8331b7ee68fd8",
        "is_verified": false,
        "line_number": 81
      },
      {
        "type": "Secret Keyword",
        "filename": "cluster/helm/unused/nextcloud/values.yaml",
        "hashed_secret": "9d4e1e23bd5b727046a9e3b4b7db57bd8d6ee684",
        "is_verified": false,
        "line_number": 99
      },
      {
        "type": "Secret Keyword",
        "filename": "cluster/helm/unused/nextcloud/values.yaml",
        "hashed_secret": "4d981fea7af3596d7d1093199a1ba5788268789a",
        "is_verified": false,
        "line_number": 170
      },
      {
        "type": "Secret Keyword",
        "filename": "cluster/helm/unused/nextcloud/values.yaml",
        "hashed_secret": "6d613a1ee01eec4c0f8ca66df0db71dca0c6e1cf",
        "is_verified": false,
        "line_number": 173
      }
    ],
    "cluster/helm/version-checker/templates/deployment.yaml": [
      {
        "type": "Secret Keyword",
        "filename": "cluster/helm/version-checker/templates/deployment.yaml",
        "hashed_secret": "5955249b18f93f489dc692763588bd401b22757d",
        "is_verified": false,
        "line_number": 3
      }
    ],
    "cluster/helm/version-checker/tests/deployment_test.yaml": [
      {
        "type": "Secret Keyword",
        "filename": "cluster/helm/version-checker/tests/deployment_test.yaml",
        "hashed_secret": "8fd612ca43374de4ded29f6d3e4c3643668fc777",
        "is_verified": false,
        "line_number": 104
      },
      {
        "type": "Secret Keyword",
        "filename": "cluster/helm/version-checker/tests/deployment_test.yaml",
        "hashed_secret": "25aff7f4b1bb747833f5175789a1998b31ca4ed4",
        "is_verified": false,
        "line_number": 181
      },
      {
        "type": "Secret Keyword",
        "filename": "cluster/helm/version-checker/tests/deployment_test.yaml",
        "hashed_secret": "9b71b9cdde059cef2eab07226e53ee49b6c11592",
        "is_verified": false,
        "line_number": 368
      },
      {
        "type": "Secret Keyword",
        "filename": "cluster/helm/version-checker/tests/deployment_test.yaml",
        "hashed_secret": "67a725fcdd2890213e0ca3476909ba71caadd2f7",
        "is_verified": false,
        "line_number": 386
      }
    ],
    "cluster/helm/whoops/README.md": [
      {
        "type": "Basic Auth Credentials",
        "filename": "cluster/helm/whoops/README.md",
        "hashed_secret": "112bb791304791ddcf692e29fd5cf149b35fea37",
        "is_verified": false,
        "line_number": 61
      }
    ],
    "cluster/helm/x509-certificate-exporter/grafana-dashboards/x509-certificate-exporter.json": [
      {
        "type": "Secret Keyword",
        "filename": "cluster/helm/x509-certificate-exporter/grafana-dashboards/x509-certificate-exporter.json",
        "hashed_secret": "de02cef8b549da1eab8cdb292d1eb3c2dba220fb",
        "is_verified": false,
        "line_number": 657
      },
      {
        "type": "Secret Keyword",
        "filename": "cluster/helm/x509-certificate-exporter/grafana-dashboards/x509-certificate-exporter.json",
        "hashed_secret": "05cf9f7b832132c64f9987db5d741d21c2f2926c",
        "is_verified": false,
        "line_number": 658
      },
      {
        "type": "Secret Keyword",
        "filename": "cluster/helm/x509-certificate-exporter/grafana-dashboards/x509-certificate-exporter.json",
        "hashed_secret": "0449e1003dd0cdd92ab163e844540614258e8b38",
        "is_verified": false,
        "line_number": 997
      }
    ],
    "docs/index.yaml": [
      {
        "type": "Hex High Entropy String",
        "filename": "docs/index.yaml",
        "hashed_secret": "7ae6f519db03f923e67076c7d4962712d0675ed8",
        "is_verified": false,
        "line_number": 9
      },
      {
        "type": "Hex High Entropy String",
        "filename": "docs/index.yaml",
        "hashed_secret": "508b1613e8883da4ab4ce905a34414bce2741100",
        "is_verified": false,
        "line_number": 21
      },
      {
        "type": "Hex High Entropy String",
        "filename": "docs/index.yaml",
        "hashed_secret": "6e8f1ff5922a77c96187250547c3d94fcdb4349e",
        "is_verified": false,
        "line_number": 32
      },
      {
        "type": "Hex High Entropy String",
        "filename": "docs/index.yaml",
        "hashed_secret": "0111cc313ae9f500ca7ac71eddf4587b0a7be468",
        "is_verified": false,
        "line_number": 46
      },
      {
        "type": "Hex High Entropy String",
        "filename": "docs/index.yaml",
        "hashed_secret": "bee984635f61cfe30e641fae0ded3b607700a708",
        "is_verified": false,
        "line_number": 60
      },
      {
        "type": "Hex High Entropy String",
        "filename": "docs/index.yaml",
        "hashed_secret": "9ff109c5d6826f8e497cdd36f4854f681e91cc70",
        "is_verified": false,
        "line_number": 72
      },
      {
        "type": "Hex High Entropy String",
        "filename": "docs/index.yaml",
        "hashed_secret": "4ec7858d9860136eadcd18e6aff9aa0c82c3e176",
        "is_verified": false,
        "line_number": 91
      },
      {
        "type": "Hex High Entropy String",
        "filename": "docs/index.yaml",
        "hashed_secret": "8b9a40e82977d1124817ae503bf09324dbcdc16d",
        "is_verified": false,
        "line_number": 102
      },
      {
        "type": "Hex High Entropy String",
        "filename": "docs/index.yaml",
        "hashed_secret": "f3d53b990518191abbe1d7ffbcc786ace8a5b744",
        "is_verified": false,
        "line_number": 112
      }
    ],
    "provision/ansible/requirements.yml": [
      {
        "type": "Hex High Entropy String",
        "filename": "provision/ansible/requirements.yml",
        "hashed_secret": "4966e6cb26d32a6107dc20b9ccd7ed9b719b9fc2",
        "is_verified": false,
        "line_number": 19
      }
    ],
    "scripts/pihole_install.sh": [
      {
        "type": "Base64 High Entropy String",
        "filename": "scripts/pihole_install.sh",
        "hashed_secret": "00251554366a4b4e24c3cc7111a37dda47bf4e48",
        "is_verified": false,
        "line_number": 1975
      }
    ]
  },
  "generated_at": "2026-08-28T08:43:38Z"
}
